// Jest Snapshot v1, https://goo.gl/fbAQLP

exports[`FilmSummary FilmSummary snapshot 1`] = `
<styled.div>
  <FilmTitle
    onClick={[Function]}
  >
    Jurassic World
  </FilmTitle>
  <StarRating
    rating={0}
    setRating={[Function]}
  />
  <styled.p>
    (
    2015
    )
  </styled.p>
  <styled.p>
    TMDB score: 
    6.9
  </styled.p>
</styled.div>
`;
